{"$type":"SnapDb.Tests.Person, SnapDb.Tests","PersonId":"e71f68e0-34b4-4fa4-b375-26923af4e40d","FirstName":"John","LastName":"Doe"}